// Jest Snapshot v1, https://goo.gl/fbAQLP

exports[`Evaluacion de proptypes Should pass 1`] = `
<div>
  <div
    class="card"
  >
    <img
      alt="Goku"
      src="https://readthedocs.io/"
    />
    <p>
      Goku
    </p>
  </div>
</div>
`;
